// Jest Snapshot v1, https://goo.gl/fbAQLP

exports[`NoteList renders correctly 1`] = `
Array [
  <style
    dangerouslySetInnerHTML={
      Object {
        "__html": ".css-1c5ij41{margin:16px;}",
      }
    }
    data-emotion="css 1c5ij41"
  />,
  <div
    className="MuiBox-root css-1c5ij41"
  >
    <style
      dangerouslySetInnerHTML={
        Object {
          "__html": ".css-1lrg2we-MuiGrid-root{box-sizing:border-box;display:-webkit-box;display:-webkit-flex;display:-ms-flexbox;display:flex;-webkit-box-flex-wrap:wrap;-webkit-flex-wrap:wrap;-ms-flex-wrap:wrap;flex-wrap:wrap;width:100%;-webkit-flex-direction:row;-ms-flex-direction:row;flex-direction:row;}@media (min-width:0px){.css-1lrg2we-MuiGrid-root{margin-top:-24px;}.css-1lrg2we-MuiGrid-root>.MuiGrid-item{padding-top:24px;}}@media (min-width:0px){.css-1lrg2we-MuiGrid-root{width:calc(100% + 24px);margin-left:-24px;}.css-1lrg2we-MuiGrid-root>.MuiGrid-item{padding-left:24px;}}",
        }
      }
      data-emotion="css 1lrg2we-MuiGrid-root"
    />
    <div
      align="center"
      className="MuiGrid-root MuiGrid-container MuiGrid-spacing-xs-3 css-1lrg2we-MuiGrid-root"
    >
      <style
        dangerouslySetInnerHTML={
          Object {
            "__html": ".css-10voxkt-MuiGrid-root{box-sizing:border-box;margin:0;-webkit-flex-direction:row;-ms-flex-direction:row;flex-direction:row;-webkit-flex-basis:100%;-ms-flex-preferred-size:100%;flex-basis:100%;-webkit-box-flex:0;-webkit-flex-grow:0;-ms-flex-positive:0;flex-grow:0;max-width:100%;}@media (min-width:600px){.css-10voxkt-MuiGrid-root{-webkit-flex-basis:50%;-ms-flex-preferred-size:50%;flex-basis:50%;-webkit-box-flex:0;-webkit-flex-grow:0;-ms-flex-positive:0;flex-grow:0;max-width:50%;}}@media (min-width:900px){.css-10voxkt-MuiGrid-root{-webkit-flex-basis:25%;-ms-flex-preferred-size:25%;flex-basis:25%;-webkit-box-flex:0;-webkit-flex-grow:0;-ms-flex-positive:0;flex-grow:0;max-width:25%;}}@media (min-width:1200px){.css-10voxkt-MuiGrid-root{-webkit-flex-basis:25%;-ms-flex-preferred-size:25%;flex-basis:25%;-webkit-box-flex:0;-webkit-flex-grow:0;-ms-flex-positive:0;flex-grow:0;max-width:25%;}}@media (min-width:1536px){.css-10voxkt-MuiGrid-root{-webkit-flex-basis:25%;-ms-flex-preferred-size:25%;flex-basis:25%;-webkit-box-flex:0;-webkit-flex-grow:0;-ms-flex-positive:0;flex-grow:0;max-width:25%;}}",
          }
        }
        data-emotion="css 10voxkt-MuiGrid-root"
      />
      <div
        align="center"
        className="MuiGrid-root MuiGrid-item MuiGrid-grid-xs-12 MuiGrid-grid-sm-6 MuiGrid-grid-md-3 css-10voxkt-MuiGrid-root"
      >
        <a
          href="/blog/test"
          style={
            Object {
              "textDecoration": "none",
            }
          }
        >
          <style
            dangerouslySetInnerHTML={
              Object {
                "__html": ".css-d9tvmc-MuiCard-root{overflow:hidden;background-color:#fff740;-webkit-transform:rotate(3deg);-moz-transform:rotate(3deg);-ms-transform:rotate(3deg);transform:rotate(3deg);max-width:345px;-webkit-transition:-webkit-transform .2s linear;transition:transform .2s linear;}.css-d9tvmc-MuiCard-root:hover{z-index:4;-webkit-transform:scale(1.15);-moz-transform:scale(1.15);-ms-transform:scale(1.15);transform:scale(1.15);}",
              }
            }
            data-emotion="css d9tvmc-MuiCard-root"
          />
          <style
            dangerouslySetInnerHTML={
              Object {
                "__html": ".css-1qabqs6-MuiPaper-root-MuiCard-root{background-color:#fff;color:rgba(0, 0, 0, 0.87);-webkit-transition:box-shadow 300ms cubic-bezier(0.4, 0, 0.2, 1) 0ms;transition:box-shadow 300ms cubic-bezier(0.4, 0, 0.2, 1) 0ms;border-radius:4px;box-shadow:0px 5px 5px -3px rgba(0,0,0,0.2),0px 8px 10px 1px rgba(0,0,0,0.14),0px 3px 14px 2px rgba(0,0,0,0.12);overflow:hidden;background-color:#fff740;-webkit-transform:rotate(3deg);-moz-transform:rotate(3deg);-ms-transform:rotate(3deg);transform:rotate(3deg);max-width:345px;-webkit-transition:-webkit-transform .2s linear;transition:transform .2s linear;}.css-1qabqs6-MuiPaper-root-MuiCard-root:hover{z-index:4;-webkit-transform:scale(1.15);-moz-transform:scale(1.15);-ms-transform:scale(1.15);transform:scale(1.15);}",
              }
            }
            data-emotion="css 1qabqs6-MuiPaper-root-MuiCard-root"
          />
          <div
            className="MuiPaper-root MuiPaper-elevation MuiPaper-rounded MuiPaper-elevation8 MuiCard-root css-1qabqs6-MuiPaper-root-MuiCard-root"
          >
            <div
              className="MuiCardContent-root css-46bh2p-MuiCardContent-root"
            >
              <div
                className="MuiTypography-root MuiTypography-h5 MuiTypography-gutterBottom css-h93ljk-MuiTypography-root"
              >
                Title
              </div>
            </div>
            <div
              className="MuiCardMedia-root css-16cvb1l-MuiCardMedia-root"
            >
              <div
                className="gatsby-image-wrapper gatsby-image-wrapper-constrained"
                data-gatsby-image-wrapper=""
                style={
                  Object {
                    "backgroundColor": undefined,
                    "display": "inline-block",
                    "overflow": "hidden",
                    "position": "relative",
                    "verticalAlign": "top",
                  }
                }
              >
                <div
                  style={
                    Object {
                      "display": "block",
                      "maxWidth": 340,
                    }
                  }
                >
                  <img
                    alt=""
                    aria-hidden="true"
                    role="presentation"
                    src="data:image/svg+xml;charset=utf-8,%3Csvg height='143' width='340' xmlns='http://www.w3.org/2000/svg' version='1.1'%3E%3C/svg%3E"
                    style={
                      Object {
                        "display": "block",
                        "maxWidth": "100%",
                        "position": "static",
                      }
                    }
                  />
                </div>
                <div
                  aria-hidden={true}
                  data-placeholder-image=""
                  style={
                    Object {
                      "height": "100%",
                      "left": 0,
                      "position": "absolute",
                      "top": 0,
                      "width": "100%",
                    }
                  }
                />
                <picture>
                  <source
                    data-srcset="/static/808f866ec80fb7744a46a37fd63265fe/a6e1b/preview4.webp 85w,/static/808f866ec80fb7744a46a37fd63265fe/20fe9/preview4.webp 170w,/static/808f866ec80fb7744a46a37fd63265fe/d0f2f/preview4.webp 340w"
                    sizes="(min-width: 340px) 340px, 100vw"
                    type="image/webp"
                  />
                  <img
                    alt="CardImage"
                    data-gatsby-image-ssr=""
                    data-main-image=""
                    data-src="/static/808f866ec80fb7744a46a37fd63265fe/45641/preview4.png"
                    data-srcset="/static/808f866ec80fb7744a46a37fd63265fe/dcd12/preview4.png 85w,/static/808f866ec80fb7744a46a37fd63265fe/98502/preview4.png 170w,/static/808f866ec80fb7744a46a37fd63265fe/45641/preview4.png 340w"
                    decoding="async"
                    loading="lazy"
                    sizes="(min-width: 340px) 340px, 100vw"
                    style={
                      Object {
                        "backgroundColor": undefined,
                        "height": "100%",
                        "left": 0,
                        "objectFit": undefined,
                        "objectPosition": undefined,
                        "opacity": 0,
                        "position": "absolute",
                        "top": 0,
                        "transform": "translateZ(0)",
                        "transition": "opacity 250ms linear",
                        "width": "100%",
                        "willChange": "opacity",
                      }
                    }
                  />
                </picture>
                <noscript>
                  <picture>
                    <source
                      sizes="(min-width: 340px) 340px, 100vw"
                      srcSet="/static/808f866ec80fb7744a46a37fd63265fe/a6e1b/preview4.webp 85w,/static/808f866ec80fb7744a46a37fd63265fe/20fe9/preview4.webp 170w,/static/808f866ec80fb7744a46a37fd63265fe/d0f2f/preview4.webp 340w"
                      type="image/webp"
                    />
                    <img
                      alt="CardImage"
                      data-gatsby-image-ssr=""
                      data-main-image=""
                      decoding="async"
                      loading="lazy"
                      sizes="(min-width: 340px) 340px, 100vw"
                      src="/static/808f866ec80fb7744a46a37fd63265fe/45641/preview4.png"
                      srcSet="/static/808f866ec80fb7744a46a37fd63265fe/dcd12/preview4.png 85w,/static/808f866ec80fb7744a46a37fd63265fe/98502/preview4.png 170w,/static/808f866ec80fb7744a46a37fd63265fe/45641/preview4.png 340w"
                      style={
                        Object {
                          "backgroundColor": undefined,
                          "height": "100%",
                          "left": 0,
                          "objectFit": undefined,
                          "objectPosition": undefined,
                          "opacity": 0,
                          "position": "absolute",
                          "top": 0,
                          "transform": "translateZ(0)",
                          "transition": "opacity 250ms linear",
                          "width": "100%",
                          "willChange": "opacity",
                        }
                      }
                    />
                  </picture>
                </noscript>
                <script
                  dangerouslySetInnerHTML={
                    Object {
                      "__html": "const t=\\"undefined\\"!=typeof HTMLImageElement&&\\"loading\\"in HTMLImageElement.prototype;if(t){const t=document.querySelectorAll(\\"img[data-main-image]\\");for(let e of t){e.dataset.src&&(e.setAttribute(\\"src\\",e.dataset.src),e.removeAttribute(\\"data-src\\")),e.dataset.srcset&&(e.setAttribute(\\"srcset\\",e.dataset.srcset),e.removeAttribute(\\"data-srcset\\"));const t=e.parentNode.querySelectorAll(\\"source[data-srcset]\\");for(let e of t)e.setAttribute(\\"srcset\\",e.dataset.srcset),e.removeAttribute(\\"data-srcset\\");e.complete&&(e.style.opacity=1,e.parentNode.parentNode.querySelector(\\"[data-placeholder-image]\\").style.opacity=0)}}",
                    }
                  }
                  type="module"
                />
              </div>
            </div>
            <div
              className="MuiCardContent-root css-46bh2p-MuiCardContent-root"
            >
              <p
                className="MuiTypography-root MuiTypography-body2 css-e784if-MuiTypography-root"
                dangerouslySetInnerHTML={
                  Object {
                    "__html": "Summary",
                  }
                }
              />
            </div>
          </div>
        </a>
      </div>
      <div
        align="center"
        className="MuiGrid-root MuiGrid-item MuiGrid-grid-xs-12 MuiGrid-grid-sm-6 MuiGrid-grid-md-3 css-10voxkt-MuiGrid-root"
      >
        <a
          href="/blog/test2"
          style={
            Object {
              "textDecoration": "none",
            }
          }
        >
          <div
            className="MuiPaper-root MuiPaper-elevation MuiPaper-rounded MuiPaper-elevation8 MuiCard-root css-1qabqs6-MuiPaper-root-MuiCard-root"
          >
            <div
              className="MuiCardContent-root css-46bh2p-MuiCardContent-root"
            >
              <div
                className="MuiTypography-root MuiTypography-h5 MuiTypography-gutterBottom css-h93ljk-MuiTypography-root"
              >
                Title2
              </div>
            </div>
            <div
              className="MuiCardMedia-root css-16cvb1l-MuiCardMedia-root"
            >
              <div
                className="gatsby-image-wrapper gatsby-image-wrapper-constrained"
                data-gatsby-image-wrapper=""
                style={
                  Object {
                    "backgroundColor": undefined,
                    "display": "inline-block",
                    "overflow": "hidden",
                    "position": "relative",
                    "verticalAlign": "top",
                  }
                }
              >
                <div
                  style={
                    Object {
                      "display": "block",
                      "maxWidth": 340,
                    }
                  }
                >
                  <img
                    alt=""
                    aria-hidden="true"
                    role="presentation"
                    src="data:image/svg+xml;charset=utf-8,%3Csvg height='143' width='340' xmlns='http://www.w3.org/2000/svg' version='1.1'%3E%3C/svg%3E"
                    style={
                      Object {
                        "display": "block",
                        "maxWidth": "100%",
                        "position": "static",
                      }
                    }
                  />
                </div>
                <div
                  aria-hidden={true}
                  data-placeholder-image=""
                  style={
                    Object {
                      "height": "100%",
                      "left": 0,
                      "position": "absolute",
                      "top": 0,
                      "width": "100%",
                    }
                  }
                />
                <picture>
                  <source
                    data-srcset="/static/808f866ec80fb7744a46a37fd63265fe/a6e1b/preview4.webp 85w,/static/808f866ec80fb7744a46a37fd63265fe/20fe9/preview4.webp 170w,/static/808f866ec80fb7744a46a37fd63265fe/d0f2f/preview4.webp 340w"
                    sizes="(min-width: 340px) 340px, 100vw"
                    type="image/webp"
                  />
                  <img
                    alt="CardImage"
                    data-gatsby-image-ssr=""
                    data-main-image=""
                    data-src="/static/808f866ec80fb7744a46a37fd63265fe/45641/preview4.png"
                    data-srcset="/static/808f866ec80fb7744a46a37fd63265fe/dcd12/preview4.png 85w,/static/808f866ec80fb7744a46a37fd63265fe/98502/preview4.png 170w,/static/808f866ec80fb7744a46a37fd63265fe/45641/preview4.png 340w"
                    decoding="async"
                    loading="lazy"
                    sizes="(min-width: 340px) 340px, 100vw"
                    style={
                      Object {
                        "backgroundColor": undefined,
                        "height": "100%",
                        "left": 0,
                        "objectFit": undefined,
                        "objectPosition": undefined,
                        "opacity": 0,
                        "position": "absolute",
                        "top": 0,
                        "transform": "translateZ(0)",
                        "transition": "opacity 250ms linear",
                        "width": "100%",
                        "willChange": "opacity",
                      }
                    }
                  />
                </picture>
                <noscript>
                  <picture>
                    <source
                      sizes="(min-width: 340px) 340px, 100vw"
                      srcSet="/static/808f866ec80fb7744a46a37fd63265fe/a6e1b/preview4.webp 85w,/static/808f866ec80fb7744a46a37fd63265fe/20fe9/preview4.webp 170w,/static/808f866ec80fb7744a46a37fd63265fe/d0f2f/preview4.webp 340w"
                      type="image/webp"
                    />
                    <img
                      alt="CardImage"
                      data-gatsby-image-ssr=""
                      data-main-image=""
                      decoding="async"
                      loading="lazy"
                      sizes="(min-width: 340px) 340px, 100vw"
                      src="/static/808f866ec80fb7744a46a37fd63265fe/45641/preview4.png"
                      srcSet="/static/808f866ec80fb7744a46a37fd63265fe/dcd12/preview4.png 85w,/static/808f866ec80fb7744a46a37fd63265fe/98502/preview4.png 170w,/static/808f866ec80fb7744a46a37fd63265fe/45641/preview4.png 340w"
                      style={
                        Object {
                          "backgroundColor": undefined,
                          "height": "100%",
                          "left": 0,
                          "objectFit": undefined,
                          "objectPosition": undefined,
                          "opacity": 0,
                          "position": "absolute",
                          "top": 0,
                          "transform": "translateZ(0)",
                          "transition": "opacity 250ms linear",
                          "width": "100%",
                          "willChange": "opacity",
                        }
                      }
                    />
                  </picture>
                </noscript>
                <script
                  dangerouslySetInnerHTML={
                    Object {
                      "__html": "const t=\\"undefined\\"!=typeof HTMLImageElement&&\\"loading\\"in HTMLImageElement.prototype;if(t){const t=document.querySelectorAll(\\"img[data-main-image]\\");for(let e of t){e.dataset.src&&(e.setAttribute(\\"src\\",e.dataset.src),e.removeAttribute(\\"data-src\\")),e.dataset.srcset&&(e.setAttribute(\\"srcset\\",e.dataset.srcset),e.removeAttribute(\\"data-srcset\\"));const t=e.parentNode.querySelectorAll(\\"source[data-srcset]\\");for(let e of t)e.setAttribute(\\"srcset\\",e.dataset.srcset),e.removeAttribute(\\"data-srcset\\");e.complete&&(e.style.opacity=1,e.parentNode.parentNode.querySelector(\\"[data-placeholder-image]\\").style.opacity=0)}}",
                    }
                  }
                  type="module"
                />
              </div>
            </div>
            <div
              className="MuiCardContent-root css-46bh2p-MuiCardContent-root"
            >
              <p
                className="MuiTypography-root MuiTypography-body2 css-e784if-MuiTypography-root"
                dangerouslySetInnerHTML={
                  Object {
                    "__html": "Summary2",
                  }
                }
              />
            </div>
          </div>
        </a>
      </div>
      <div
        align="center"
        className="MuiGrid-root MuiGrid-item MuiGrid-grid-xs-12 MuiGrid-grid-sm-6 MuiGrid-grid-md-3 css-10voxkt-MuiGrid-root"
      >
        <a
          href="/blog/test3"
          rel="noopener noreferrer"
          style={
            Object {
              "textDecoration": "none",
            }
          }
          target="_blank"
        >
          <div
            className="MuiPaper-root MuiPaper-elevation MuiPaper-rounded MuiPaper-elevation8 MuiCard-root css-1qabqs6-MuiPaper-root-MuiCard-root"
          >
            <div
              className="MuiCardContent-root css-46bh2p-MuiCardContent-root"
            >
              <div
                className="MuiTypography-root MuiTypography-h5 MuiTypography-gutterBottom css-h93ljk-MuiTypography-root"
              >
                Title3
              </div>
            </div>
            <div
              className="MuiCardMedia-root css-16cvb1l-MuiCardMedia-root"
            >
              <div
                className="gatsby-image-wrapper gatsby-image-wrapper-constrained"
                data-gatsby-image-wrapper=""
                style={
                  Object {
                    "backgroundColor": undefined,
                    "display": "inline-block",
                    "overflow": "hidden",
                    "position": "relative",
                    "verticalAlign": "top",
                  }
                }
              >
                <div
                  style={
                    Object {
                      "display": "block",
                      "maxWidth": 340,
                    }
                  }
                >
                  <img
                    alt=""
                    aria-hidden="true"
                    role="presentation"
                    src="data:image/svg+xml;charset=utf-8,%3Csvg height='143' width='340' xmlns='http://www.w3.org/2000/svg' version='1.1'%3E%3C/svg%3E"
                    style={
                      Object {
                        "display": "block",
                        "maxWidth": "100%",
                        "position": "static",
                      }
                    }
                  />
                </div>
                <div
                  aria-hidden={true}
                  data-placeholder-image=""
                  style={
                    Object {
                      "height": "100%",
                      "left": 0,
                      "position": "absolute",
                      "top": 0,
                      "width": "100%",
                    }
                  }
                />
                <picture>
                  <source
                    data-srcset="/static/808f866ec80fb7744a46a37fd63265fe/a6e1b/preview4.webp 85w,/static/808f866ec80fb7744a46a37fd63265fe/20fe9/preview4.webp 170w,/static/808f866ec80fb7744a46a37fd63265fe/d0f2f/preview4.webp 340w"
                    sizes="(min-width: 340px) 340px, 100vw"
                    type="image/webp"
                  />
                  <img
                    alt="CardImage"
                    data-gatsby-image-ssr=""
                    data-main-image=""
                    data-src="/static/808f866ec80fb7744a46a37fd63265fe/45641/preview4.png"
                    data-srcset="/static/808f866ec80fb7744a46a37fd63265fe/dcd12/preview4.png 85w,/static/808f866ec80fb7744a46a37fd63265fe/98502/preview4.png 170w,/static/808f866ec80fb7744a46a37fd63265fe/45641/preview4.png 340w"
                    decoding="async"
                    loading="lazy"
                    sizes="(min-width: 340px) 340px, 100vw"
                    style={
                      Object {
                        "backgroundColor": undefined,
                        "height": "100%",
                        "left": 0,
                        "objectFit": undefined,
                        "objectPosition": undefined,
                        "opacity": 0,
                        "position": "absolute",
                        "top": 0,
                        "transform": "translateZ(0)",
                        "transition": "opacity 250ms linear",
                        "width": "100%",
                        "willChange": "opacity",
                      }
                    }
                  />
                </picture>
                <noscript>
                  <picture>
                    <source
                      sizes="(min-width: 340px) 340px, 100vw"
                      srcSet="/static/808f866ec80fb7744a46a37fd63265fe/a6e1b/preview4.webp 85w,/static/808f866ec80fb7744a46a37fd63265fe/20fe9/preview4.webp 170w,/static/808f866ec80fb7744a46a37fd63265fe/d0f2f/preview4.webp 340w"
                      type="image/webp"
                    />
                    <img
                      alt="CardImage"
                      data-gatsby-image-ssr=""
                      data-main-image=""
                      decoding="async"
                      loading="lazy"
                      sizes="(min-width: 340px) 340px, 100vw"
                      src="/static/808f866ec80fb7744a46a37fd63265fe/45641/preview4.png"
                      srcSet="/static/808f866ec80fb7744a46a37fd63265fe/dcd12/preview4.png 85w,/static/808f866ec80fb7744a46a37fd63265fe/98502/preview4.png 170w,/static/808f866ec80fb7744a46a37fd63265fe/45641/preview4.png 340w"
                      style={
                        Object {
                          "backgroundColor": undefined,
                          "height": "100%",
                          "left": 0,
                          "objectFit": undefined,
                          "objectPosition": undefined,
                          "opacity": 0,
                          "position": "absolute",
                          "top": 0,
                          "transform": "translateZ(0)",
                          "transition": "opacity 250ms linear",
                          "width": "100%",
                          "willChange": "opacity",
                        }
                      }
                    />
                  </picture>
                </noscript>
                <script
                  dangerouslySetInnerHTML={
                    Object {
                      "__html": "const t=\\"undefined\\"!=typeof HTMLImageElement&&\\"loading\\"in HTMLImageElement.prototype;if(t){const t=document.querySelectorAll(\\"img[data-main-image]\\");for(let e of t){e.dataset.src&&(e.setAttribute(\\"src\\",e.dataset.src),e.removeAttribute(\\"data-src\\")),e.dataset.srcset&&(e.setAttribute(\\"srcset\\",e.dataset.srcset),e.removeAttribute(\\"data-srcset\\"));const t=e.parentNode.querySelectorAll(\\"source[data-srcset]\\");for(let e of t)e.setAttribute(\\"srcset\\",e.dataset.srcset),e.removeAttribute(\\"data-srcset\\");e.complete&&(e.style.opacity=1,e.parentNode.parentNode.querySelector(\\"[data-placeholder-image]\\").style.opacity=0)}}",
                    }
                  }
                  type="module"
                />
              </div>
            </div>
            <div
              className="MuiCardContent-root css-46bh2p-MuiCardContent-root"
            >
              <p
                className="MuiTypography-root MuiTypography-body2 css-e784if-MuiTypography-root"
                dangerouslySetInnerHTML={
                  Object {
                    "__html": "Summary3",
                  }
                }
              />
            </div>
          </div>
        </a>
      </div>
    </div>
  </div>,
]
`;
